2026-09-06T03:11:23Z Trial 1/10: maximal
2026-09-06T03:11:31Z A generation 10: F=0.048046
2026-09-06T03:11:37Z A generation 20: F=0.069220
2026-09-06T03:11:44Z A generation 30: F=0.083972
2026-09-06T03:11:50Z A generation 40: F=0.090951
2026-09-06T03:11:56Z A generation 50: F=0.090951
2026-09-06T03:12:03Z A generation 60: F=0.167099
2026-09-06T03:12:10Z A generation 70: F=0.167099
2026-09-06T03:12:17Z A generation 80: F=0.167099
2026-09-06T03:12:23Z A generation 90: F=0.167099
2026-09-06T03:12:30Z A generation 100: F=0.167099
2026-09-06T03:12:30Z A: gate1=3/100, selected=1
2026-09-06T03:12:44Z B: F=0.230999, gate2=False
2026-09-06T03:12:44Z Trial 2/10: maximal
2026-09-06T03:12:52Z A generation 10: F=0.031156
2026-09-06T03:12:58Z A generation 20: F=0.064189
2026-09-06T03:13:05Z A generation 30: F=0.081024
2026-09-06T03:13:11Z A generation 40: F=0.081024
2026-09-06T03:13:18Z A generation 50: F=0.081024
2026-09-06T03:13:24Z A generation 60: F=0.088744
2026-09-06T03:13:31Z A generation 70: F=0.088744
2026-09-06T03:13:37Z A generation 80: F=0.088744
2026-09-06T03:13:43Z A generation 90: F=0.088744
2026-09-06T03:13:50Z A generation 100: F=0.091252
2026-09-06T03:13:50Z A: gate1=0/100, selected=0
2026-09-06T03:13:50Z Trial 3/10: maximal
2026-09-06T03:13:57Z A generation 10: F=0.043526
2026-09-06T03:14:04Z A generation 20: F=0.046871
2026-09-06T03:14:10Z A generation 30: F=0.058169
2026-09-06T03:14:17Z A generation 40: F=0.086975
2026-09-06T03:14:23Z A generation 50: F=0.086975
2026-09-06T03:14:29Z A generation 60: F=0.086975
2026-09-06T03:14:36Z A generation 70: F=0.095637
2026-09-06T03:14:44Z A generation 80: F=0.095637
2026-09-06T03:14:50Z A generation 90: F=0.095637
2026-09-06T03:14:57Z A generation 100: F=0.095637
2026-09-06T03:14:57Z A: gate1=0/100, selected=0
2026-09-06T03:14:57Z Trial 4/10: maximal
2026-09-06T03:15:04Z A generation 10: F=0.045040
2026-09-06T03:15:11Z A generation 20: F=0.067236
2026-09-06T03:15:17Z A generation 30: F=0.067236
2026-09-06T03:15:24Z A generation 40: F=0.076001
2026-09-06T03:15:30Z A generation 50: F=0.087404
2026-09-06T03:15:37Z A generation 60: F=0.087404
2026-09-06T03:15:43Z A generation 70: F=0.098730
2026-09-06T03:15:50Z A generation 80: F=0.098730
2026-09-06T03:15:57Z A generation 90: F=0.098730
2026-09-06T03:16:04Z A generation 100: F=0.112634
2026-09-06T03:16:04Z A: gate1=0/100, selected=0
2026-09-06T03:16:04Z Trial 5/10: maximal
2026-09-06T03:16:11Z A generation 10: F=0.069563
2026-09-06T03:16:17Z A generation 20: F=0.072104
2026-09-06T03:16:24Z A generation 30: F=0.124475
2026-09-06T03:16:31Z A generation 40: F=0.152743
2026-09-06T03:16:37Z A generation 50: F=0.152743
2026-09-06T03:16:44Z A generation 60: F=0.152743
2026-09-06T03:16:50Z A generation 70: F=0.152743
2026-09-06T03:16:56Z A generation 80: F=0.152743
2026-09-06T03:17:03Z A generation 90: F=0.157611
2026-09-06T03:17:09Z A generation 100: F=0.178183
2026-09-06T03:17:09Z A: gate1=0/100, selected=0
2026-09-06T03:17:09Z Trial 6/10: maximal
2026-09-06T03:17:17Z A generation 10: F=0.051404
2026-09-06T03:17:23Z A generation 20: F=0.086500
2026-09-06T03:17:30Z A generation 30: F=0.086500
2026-09-06T03:17:36Z A generation 40: F=0.099514
2026-09-06T03:17:43Z A generation 50: F=0.099514
2026-09-06T03:17:50Z A generation 60: F=0.162036
2026-09-06T03:17:57Z A generation 70: F=0.162036
2026-09-06T03:18:04Z A generation 80: F=0.163729
2026-09-06T03:18:10Z A generation 90: F=0.163729
2026-09-06T03:18:17Z A generation 100: F=0.163729
2026-09-06T03:18:17Z A: gate1=0/100, selected=0
2026-09-06T03:18:17Z Trial 7/10: maximal
2026-09-06T03:18:24Z A generation 10: F=0.046877
2026-09-06T03:18:31Z A generation 20: F=0.057010
2026-09-06T03:18:38Z A generation 30: F=0.098048
2026-09-06T03:18:44Z A generation 40: F=0.098460
2026-09-06T03:18:51Z A generation 50: F=0.126348
2026-09-06T03:18:57Z A generation 60: F=0.126348
2026-09-06T03:19:04Z A generation 70: F=0.128107
2026-09-06T03:19:10Z A generation 80: F=0.128107
2026-09-06T03:19:17Z A generation 90: F=0.128107
2026-09-06T03:19:23Z A generation 100: F=0.172503
2026-09-06T03:19:23Z A: gate1=0/100, selected=0
2026-09-06T03:19:23Z Trial 8/10: maximal
2026-09-06T03:19:30Z A generation 10: F=0.040663
2026-09-06T03:19:37Z A generation 20: F=0.077149
2026-09-06T03:19:43Z A generation 30: F=0.077149
2026-09-06T03:19:50Z A generation 40: F=0.077149
2026-09-06T03:19:57Z A generation 50: F=0.092060
2026-09-06T03:20:03Z A generation 60: F=0.092060
2026-09-06T03:20:10Z A generation 70: F=0.144683
2026-09-06T03:20:16Z A generation 80: F=0.144683
2026-09-06T03:20:23Z A generation 90: F=0.152289
2026-09-06T03:20:30Z A generation 100: F=0.152289
2026-09-06T03:20:30Z A: gate1=0/100, selected=0
2026-09-06T03:20:30Z Trial 9/10: maximal
2026-09-06T03:20:37Z A generation 10: F=0.053046
2026-09-06T03:20:44Z A generation 20: F=0.072463
2026-09-06T03:20:51Z A generation 30: F=0.087385
2026-09-06T03:20:57Z A generation 40: F=0.091925
2026-09-06T03:21:04Z A generation 50: F=0.141897
2026-09-06T03:21:10Z A generation 60: F=0.141897
2026-09-06T03:21:17Z A generation 70: F=0.248037
2026-09-06T03:21:23Z A generation 80: F=0.248037
2026-09-06T03:21:30Z A generation 90: F=0.248037
2026-09-06T03:21:36Z A generation 100: F=0.248037
2026-09-06T03:21:36Z A: gate1=0/100, selected=0
2026-09-06T03:21:36Z Trial 10/10: maximal
2026-09-06T03:21:44Z A generation 10: F=0.045394
2026-09-06T03:21:51Z A generation 20: F=0.069336
2026-09-06T03:21:57Z A generation 30: F=0.113338
2026-09-06T03:22:04Z A generation 40: F=0.113338
2026-09-06T03:22:10Z A generation 50: F=0.113338
2026-09-06T03:22:17Z A generation 60: F=0.113338
2026-09-06T03:22:23Z A generation 70: F=0.151441
2026-09-06T03:22:30Z A generation 80: F=0.151441
2026-09-06T03:22:36Z A generation 90: F=0.151441
2026-09-06T03:22:43Z A generation 100: F=0.177096
2026-09-06T03:22:43Z A: gate1=0/100, selected=0
2026-09-06T03:22:43Z not_found: runs/maximal_20260906T031123947979Z, evaluations=98093
