2026-09-05T18:14:24Z Trial 1/500: nilpotent
2026-09-05T18:14:32Z A generation 10: F=0.052380
2026-09-05T18:14:38Z A generation 20: F=0.075155
2026-09-05T18:14:45Z A generation 30: F=0.078284
2026-09-05T18:14:52Z A generation 40: F=0.089836
2026-09-05T18:14:58Z A generation 50: F=0.140357
2026-09-05T18:15:05Z A generation 60: F=0.156665
2026-09-05T18:15:12Z A generation 70: F=0.156665
2026-09-05T18:15:18Z A generation 80: F=0.171709
2026-09-05T18:15:25Z A generation 90: F=0.171709
2026-09-05T18:15:32Z A generation 100: F=0.188390
2026-09-05T18:15:32Z A: gate1=0/100, selected=0
2026-09-05T18:15:32Z Trial 2/500: nilpotent
2026-09-05T18:15:39Z A generation 10: F=0.085026
2026-09-05T18:15:46Z A generation 20: F=0.122118
2026-09-05T18:15:52Z A generation 30: F=0.122118
2026-09-05T18:15:59Z A generation 40: F=0.149437
2026-09-05T18:16:06Z A generation 50: F=0.184816
2026-09-05T18:16:13Z A generation 60: F=0.351131
2026-09-05T18:16:19Z A generation 70: F=0.351131
2026-09-05T18:16:26Z A generation 80: F=0.351131
2026-09-05T18:16:33Z A generation 90: F=0.351131
2026-09-05T18:16:39Z A generation 100: F=0.351131
2026-09-05T18:16:39Z A: gate1=2/100, selected=1
2026-09-05T18:16:53Z B: F=0.711889, gate2=True
2026-09-05T18:19:10Z C: root=1.016e-07, gate3=True
2026-09-05T18:19:10Z found: runs/nilpotent_20260905T181424495558Z, evaluations=23940
