2026-09-05T18:04:08Z Trial 1/500: plain
2026-09-05T18:04:16Z A generation 10: F=0.082436
2026-09-05T18:04:23Z A generation 20: F=0.128517
2026-09-05T18:04:30Z A generation 30: F=0.129969
2026-09-05T18:04:37Z A generation 40: F=0.129969
2026-09-05T18:04:43Z A generation 50: F=0.129969
2026-09-05T18:04:49Z A generation 60: F=0.130272
2026-09-05T18:04:56Z A generation 70: F=0.135586
2026-09-05T18:05:03Z A generation 80: F=0.135586
2026-09-05T18:05:09Z A generation 90: F=0.135586
2026-09-05T18:05:15Z A generation 100: F=0.135586
2026-09-05T18:05:15Z A: gate1=0/100, selected=0
2026-09-05T18:05:15Z Trial 2/500: plain
2026-09-05T18:05:23Z A generation 10: F=0.104543
2026-09-05T18:05:30Z A generation 20: F=0.146716
2026-09-05T18:05:36Z A generation 30: F=0.146716
2026-09-05T18:05:43Z A generation 40: F=0.146716
2026-09-05T18:05:50Z A generation 50: F=0.146716
2026-09-05T18:05:57Z A generation 60: F=0.146716
2026-09-05T18:06:04Z A generation 70: F=0.146716
2026-09-05T18:06:10Z A generation 80: F=0.146716
2026-09-05T18:06:17Z A generation 90: F=0.157078
2026-09-05T18:06:24Z A generation 100: F=0.157078
2026-09-05T18:06:24Z A: gate1=0/100, selected=0
2026-09-05T18:06:24Z Trial 3/500: plain
2026-09-05T18:06:31Z A generation 10: F=0.102459
2026-09-05T18:06:38Z A generation 20: F=0.102459
2026-09-05T18:06:45Z A generation 30: F=0.139191
2026-09-05T18:06:52Z A generation 40: F=0.139191
2026-09-05T18:06:59Z A generation 50: F=0.139191
2026-09-05T18:07:05Z A generation 60: F=0.139191
2026-09-05T18:07:12Z A generation 70: F=0.160070
2026-09-05T18:07:19Z A generation 80: F=0.160070
2026-09-05T18:07:26Z A generation 90: F=0.160070
2026-09-05T18:07:32Z A generation 100: F=0.160070
2026-09-05T18:07:32Z A: gate1=0/100, selected=0
2026-09-05T18:07:32Z Trial 4/500: plain
2026-09-05T18:07:40Z A generation 10: F=0.094061
2026-09-05T18:07:47Z A generation 20: F=0.114961
2026-09-05T18:07:54Z A generation 30: F=0.116484
2026-09-05T18:08:00Z A generation 40: F=0.116484
2026-09-05T18:08:07Z A generation 50: F=0.116787
2026-09-05T18:08:14Z A generation 60: F=0.132852
2026-09-05T18:08:20Z A generation 70: F=0.132852
2026-09-05T18:08:27Z A generation 80: F=0.132852
2026-09-05T18:08:35Z A generation 90: F=0.132852
2026-09-05T18:08:42Z A generation 100: F=0.132852
2026-09-05T18:08:42Z A: gate1=0/100, selected=0
2026-09-05T18:08:42Z Trial 5/500: plain
2026-09-05T18:08:49Z A generation 10: F=0.141392
2026-09-05T18:08:56Z A generation 20: F=0.141392
2026-09-05T18:09:02Z A generation 30: F=0.141392
2026-09-05T18:09:09Z A generation 40: F=0.141392
2026-09-05T18:09:15Z A generation 50: F=0.141392
2026-09-05T18:09:22Z A generation 60: F=0.148492
2026-09-05T18:09:28Z A generation 70: F=0.148492
2026-09-05T18:09:35Z A generation 80: F=0.148492
2026-09-05T18:09:41Z A generation 90: F=0.199166
2026-09-05T18:09:48Z A generation 100: F=0.199166
2026-09-05T18:09:48Z A: gate1=0/100, selected=0
2026-09-05T18:09:48Z Trial 6/500: plain
2026-09-05T18:09:55Z A generation 10: F=0.089298
2026-09-05T18:10:01Z A generation 20: F=0.128433
2026-09-05T18:10:08Z A generation 30: F=0.128433
2026-09-05T18:10:14Z A generation 40: F=0.141901
2026-09-05T18:10:21Z A generation 50: F=0.141901
2026-09-05T18:10:27Z A generation 60: F=0.141901
2026-09-05T18:10:34Z A generation 70: F=0.170910
2026-09-05T18:10:41Z A generation 80: F=0.170910
2026-09-05T18:10:47Z A generation 90: F=0.173714
2026-09-05T18:10:54Z A generation 100: F=0.173714
2026-09-05T18:10:54Z A: gate1=0/100, selected=0
2026-09-05T18:10:54Z Trial 7/500: plain
2026-09-05T18:11:01Z A generation 10: F=0.107569
2026-09-05T18:11:07Z A generation 20: F=0.113465
2026-09-05T18:11:14Z A generation 30: F=0.113465
2026-09-05T18:11:20Z A generation 40: F=0.113465
2026-09-05T18:11:27Z A generation 50: F=0.207634
2026-09-05T18:11:33Z A generation 60: F=0.207634
2026-09-05T18:11:41Z A generation 70: F=0.207634
2026-09-05T18:11:47Z A generation 80: F=0.207634
2026-09-05T18:11:54Z A generation 90: F=0.236841
2026-09-05T18:12:00Z A generation 100: F=0.236841
2026-09-05T18:12:00Z A: gate1=1/100, selected=1
2026-09-05T18:12:14Z B: F=0.262887, gate2=True
2026-09-05T18:13:21Z C: root=2.596e-07, gate3=True
2026-09-05T18:13:21Z found: runs/plain_20260905T180408497837Z, evaluations=70695
